[montage-memories-by-saran.webflow.io/index.html]
[backblue.gif]
[fade.gif]
[index.html]
[ajax.googleapis.com/ajax/libs/webfont/1.6.26/webfont.js]
[cdn.prod.website-files.com/686114c23251c72b0fc07256/css/montage-memories-by-saran.webflow.shared.5ef7c486d.min.css]
[cdn.prod.website-files.com/686114c23251c72b0fc07256/68ea717fff39988d378af2c7_ths-32.png]
[cdn.prod.website-files.com/686114c23251c72b0fc07256/68ea71877c6d87d1a6e1b0c5_ths-256.png]
[cdnjs.cloudflare.com/ajax/libs/gsap/3.12.2/ScrollToPlugin.min.js]
[cdnjs.cloudflare.com/ajax/libs/gsap/3.12.5/ScrollTrigger.min.js]
[cdnjs.cloudflare.com/ajax/libs/gsap/3.12.2/gsap.min.js]
[unpkg.com/swiper@12.0.2/swiper-bundle.min.js]
[cdn.jsdelivr.net/npm/@studio-freight/lenis@latest/bundled/lenis.min.js]
[cdn.prod.website-files.com/686114c23251c72b0fc07256/68ea473dbde85d6ffd81fd2d_THE HAPPENING STORY BLACK.png]
[cdn.prod.website-files.com/686114c23251c72b0fc07256/68ea473c079b8a7405804ff9_THE HAPPENING STORY WHITE.png]
[cdn.prod.website-files.com/686114c23251c72b0fc07256/6863d030b5a4c224a4c2753a_image 1.png]
[cdn.prod.website-files.com/686114c23251c72b0fc07256/6863d02fbe7a6c9f9c9d8caf_image 3.png]
[cdn.prod.website-files.com/686114c23251c72b0fc07256/6863d02fd16d0400130cde05_image 2.png]
[cdn.prod.website-files.com/686114c23251c72b0fc07256/6863d02f50497e698c604759_image 4.png]
[cdn.prod.website-files.com/686114c23251c72b0fc07256/68ac126551902a842f8b3e7f_Frame 40073.png]
[d3e54v103j8qbb.cloudfront.net/js/jquery-3.5.1.min.dc5e7f18c81d42.js]
[cdn.prod.website-files.com/686114c23251c72b0fc07256/js/webflow.schunk.47fd547f44146dd0.js]
[montage-memories-by-saran.webflow.io/index.html]
[cdn.prod.website-files.com/686114c23251c72b0fc07256/css/montage-memories-by-saran.webflow.shared.5ef7c486d.min.css]
[cdn.prod.website-files.com/686114c23251c72b0fc07256/js/webflow.751e0867.148dc658e77a3916.js]
[montage-memories-by-saran.webflow.io/about.html]
[montage-memories-by-saran.webflow.io/work.html]
[montage-memories-by-saran.webflow.io/video-gallery.html]
[montage-memories-by-saran.webflow.io/octane-space.html]
[montage-memories-by-saran.webflow.io/end-to-end.html]
[montage-memories-by-saran.webflow.io/contact.html]
